Build started 6/29/2026 12:17:05 AM.
     1>Project "C:\Users\vinay\Claude\Projects\interviewAI\StealthOverlay\StealthOverlay.sln" on node 1 (Rebuild target(s)).
     1>ValidateSolutionConfiguration:
         Building solution configuration "Debug|x64".
     1>Project "C:\Users\vinay\Claude\Projects\interviewAI\StealthOverlay\StealthOverlay.sln" (1) is building "C:\Users\vinay\Claude\Projects\interviewAI\StealthOverlay\OverlayCore\OverlayCore.vcxproj" (2) on node 1 (Rebuild target(s)).
     2>_PrepareForClean:
         Deleting file "x64\Debug\OverlayCore.tlog\OverlayCore.lastbuildstate".
       InitializeBuildStatus:
         Creating "x64\Debug\OverlayCore.tlog\unsuccessfulbuild" because "AlwaysCreate" was specified.
       ClCompile:
         C:\Program Files (x86)\Microsoft Visual Studio\2019\BuildTools\VC\Tools\MSVC\14.29.30133\bin\HostX86\x64\CL.exe /c /Iinclude /ZI /JMC /nologo /W3 /WX- /diagnostics:column /sdl /Od /D WIN32 /D _DEBUG /D _LIB /D _UNICODE /D UNICODE /Gm- /EHsc /RTC1 /MDd /GS /fp:precise /permissive- /Zc:wchar_t /Zc:forScope /Zc:inline /std:c++17 /Fo"x64\Debug\\" /Fd"C:\Users\vinay\Claude\Projects\interviewAI\StealthOverlay\x64\Debug\OverlayCore.pdb" /external:W3 /Gd /TP /FC /errorReport:queue src\OverlayWindow.cpp
         OverlayWindow.cpp
     1>Project "C:\Users\vinay\Claude\Projects\interviewAI\StealthOverlay\StealthOverlay.sln" (1) is building "C:\Users\vinay\Claude\Projects\interviewAI\StealthOverlay\CaptureCore\CaptureCore.vcxproj" (3) on node 2 (Rebuild target(s)).
     3>_PrepareForClean:
         Deleting file "x64\Debug\CaptureCore.tlog\CaptureCore.lastbuildstate".
       InitializeBuildStatus:
         Creating "x64\Debug\CaptureCore.tlog\unsuccessfulbuild" because "AlwaysCreate" was specified.
     1>Project "C:\Users\vinay\Claude\Projects\interviewAI\StealthOverlay\StealthOverlay.sln" (1) is building "C:\Users\vinay\Claude\Projects\interviewAI\StealthOverlay\StealthOverlayApp\StealthOverlayApp.vcxproj" (4) on node 3 (Rebuild target(s)).
     4>_PrepareForClean:
         Deleting file "x64\Debug\StealthO.C3D4E5F6.tlog\StealthOverlayApp.lastbuildstate".
     3>ClCompile:
         C:\Program Files (x86)\Microsoft Visual Studio\2019\BuildTools\VC\Tools\MSVC\14.29.30133\bin\HostX86\x64\CL.exe /c /Iinclude /ZI /JMC /nologo /W3 /WX- /diagnostics:column /sdl /Od /D WIN32 /D _DEBUG /D _LIB /D _UNICODE /D UNICODE /Gm- /EHsc /RTC1 /MDd /GS /fp:precise /permissive- /Zc:wchar_t /Zc:forScope /Zc:inline /std:c++17 /Fo"x64\Debug\\" /Fd"C:\Users\vinay\Claude\Projects\interviewAI\StealthOverlay\x64\Debug\CaptureCore.pdb" /external:W3 /Gd /TP /FC /errorReport:queue src\DesktopCaptureEngine.cpp
         DesktopCaptureEngine.cpp
     2>Lib:
         C:\Program Files (x86)\Microsoft Visual Studio\2019\BuildTools\VC\Tools\MSVC\14.29.30133\bin\HostX86\x64\Lib.exe /OUT:"C:\Users\vinay\Claude\Projects\interviewAI\StealthOverlay\x64\Debug\OverlayCore.lib" /NOLOGO /MACHINE:X64 x64\Debug\OverlayWindow.obj
         OverlayCore.vcxproj -> C:\Users\vinay\Claude\Projects\interviewAI\StealthOverlay\x64\Debug\OverlayCore.lib
       FinalizeBuildStatus:
         Deleting file "x64\Debug\OverlayCore.tlog\unsuccessfulbuild".
         Touching "x64\Debug\OverlayCore.tlog\OverlayCore.lastbuildstate".
     2>Done Building Project "C:\Users\vinay\Claude\Projects\interviewAI\StealthOverlay\OverlayCore\OverlayCore.vcxproj" (Rebuild target(s)).
     3>Lib:
         C:\Program Files (x86)\Microsoft Visual Studio\2019\BuildTools\VC\Tools\MSVC\14.29.30133\bin\HostX86\x64\Lib.exe /OUT:"C:\Users\vinay\Claude\Projects\interviewAI\StealthOverlay\x64\Debug\CaptureCore.lib" /NOLOGO /MACHINE:X64 x64\Debug\DesktopCaptureEngine.obj
         CaptureCore.vcxproj -> C:\Users\vinay\Claude\Projects\interviewAI\StealthOverlay\x64\Debug\CaptureCore.lib
       FinalizeBuildStatus:
         Deleting file "x64\Debug\CaptureCore.tlog\unsuccessfulbuild".
         Touching "x64\Debug\CaptureCore.tlog\CaptureCore.lastbuildstate".
     3>Done Building Project "C:\Users\vinay\Claude\Projects\interviewAI\StealthOverlay\CaptureCore\CaptureCore.vcxproj" (Rebuild target(s)).
     4>InitializeBuildStatus:
         Creating "x64\Debug\StealthO.C3D4E5F6.tlog\unsuccessfulbuild" because "AlwaysCreate" was specified.
       ClCompile:
         C:\Program Files (x86)\Microsoft Visual Studio\2019\BuildTools\VC\Tools\MSVC\14.29.30133\bin\HostX86\x64\CL.exe /c /Iinclude /I..\OverlayCore\include /I..\CaptureCore\include /I"%(AdditionalIncludeDirectories)" /ZI /JMC /nologo /W3 /WX- /diagnostics:column /sdl /Od /D WIN32 /D _DEBUG /D _UNICODE /D UNICODE /Gm- /EHsc /RTC1 /MDd /GS /fp:precise /permissive- /Zc:wchar_t /Zc:forScope /Zc:inline /std:c++17 /Fo"x64\Debug\\" /Fd"x64\Debug\vc142.pdb" /external:W3 /Gd /TP /FC /errorReport:queue src\AgreementDialog.cpp src\AudioRecorder.cpp src\AIEngine.cpp src\main.cpp src\PreviewWindow.cpp
         AgreementDialog.cpp
         AudioRecorder.cpp
         AIEngine.cpp
         main.cpp
         PreviewWindow.cpp
         Generating Code...
       Link:
         C:\Program Files (x86)\Microsoft Visual Studio\2019\BuildTools\VC\Tools\MSVC\14.29.30133\bin\HostX86\x64\link.exe /ERRORREPORT:QUEUE /OUT:"C:\Users\vinay\Claude\Projects\interviewAI\StealthOverlay\x64\Debug\StealthOverlayApp.exe" /INCREMENTAL /ILK:"x64\Debug\StealthOverlayApp.ilk" /NOLOGO user32.lib gdi32.lib kernel32.lib user32.lib gdi32.lib winspool.lib comdlg32.lib advapi32.lib shell32.lib ole32.lib oleaut32.lib uuid.lib odbc32.lib odbccp32.lib /MANIFEST /MANIFESTUAC:"level='asInvoker' uiAccess='false'" /manifest:embed /DEBUG /PDB:"C:\Users\vinay\Claude\Projects\interviewAI\StealthOverlay\x64\Debug\StealthOverlayApp.pdb" /SUBSYSTEM:WINDOWS /TLBID:1 /DYNAMICBASE /NXCOMPAT /IMPLIB:"C:\Users\vinay\Claude\Projects\interviewAI\StealthOverlay\x64\Debug\StealthOverlayApp.lib" /MACHINE:X64 x64\Debug\AgreementDialog.obj
         x64\Debug\AudioRecorder.obj
         x64\Debug\AIEngine.obj
         x64\Debug\main.obj
         x64\Debug\PreviewWindow.obj
         C:\Users\vinay\Claude\Projects\interviewAI\StealthOverlay\x64\Debug\OverlayCore.lib
         C:\Users\vinay\Claude\Projects\interviewAI\StealthOverlay\x64\Debug\CaptureCore.lib
         StealthOverlayApp.vcxproj -> C:\Users\vinay\Claude\Projects\interviewAI\StealthOverlay\x64\Debug\StealthOverlayApp.exe
       FinalizeBuildStatus:
         Deleting file "x64\Debug\StealthO.C3D4E5F6.tlog\unsuccessfulbuild".
         Touching "x64\Debug\StealthO.C3D4E5F6.tlog\StealthOverlayApp.lastbuildstate".
     4>Done Building Project "C:\Users\vinay\Claude\Projects\interviewAI\StealthOverlay\StealthOverlayApp\StealthOverlayApp.vcxproj" (Rebuild target(s)).
     1>Done Building Project "C:\Users\vinay\Claude\Projects\interviewAI\StealthOverlay\StealthOverlay.sln" (Rebuild target(s)).

Build succeeded.
    0 Warning(s)
    0 Error(s)

Time Elapsed 00:00:06.71
